valid: iamagoodprogrammer
invalid: notthepassword
bug: iamagoodprogrammmer01234567891 

$Â gdb overrun
GNU gdb (Debian 7.11.1-2) 7.11.1
Copyright (C) 2016 Free Software Foundation, Inc.
License GPLv3+: GNU GPL version 3 or later <http://gnu.org/licenses/gpl.html>
This is free software: you are free to change and redistribute it.
There is NO WARRANTY, to the extent permitted by law.  Type "show copying"
and "show warranty" for details.
This GDB was configured as "x86_64-linux-gnu".
Type "show configuration" for configuration details.
For bug reporting instructions, please see:
<http://www.gnu.org/software/gdb/bugs/>.
Find the GDB manual and other documentation resources online at:
<http://www.gnu.org/software/gdb/documentation/>.
For help, type "help".
Type "apropos word" to search for commands related to "word"...
Reading symbols from overrun...done.
(gdb) break main
Breakpoint 1 at 0x748: file overrun.c, line 17.
(gdb) run
Starting program: /home/webpigeon/Documents/gta/projects/compsec/c/overrun 

Breakpoint 1, main () at overrun.c:17
17	    char *correct_password = "iamagoodprogrammer";
(gdb) 
(gdb) next
20	    p.authenticated = 0;
(gdb) next
22	    printf("\n Enter the password : \n");
(gdb) next

 Enter the password : 
23	    gets(p.passwd);
(gdb) next
iamagoodprogrammmer01234567891
25	    if (!strcmp(p.passwd, correct_password)) {
(gdb) next
29	    if (p.authenticated) {
(gdb) next
31	        printf ("\n Administrator privileges given to the user \n");
(gdb) print p
$1 = {passwd = "iamagoodprogrammmer012345", authenticated = 12601}
(gdb) 

# 'fixed' version (still horribly broken)
$ gdb ./overrun
GNU gdb (Debian 7.11.1-2) 7.11.1
Copyright (C) 2016 Free Software Foundation, Inc.
License GPLv3+: GNU GPL version 3 or later <http://gnu.org/licenses/gpl.html>
This is free software: you are free to change and redistribute it.
There is NO WARRANTY, to the extent permitted by law.  Type "show copying"
and "show warranty" for details.
This GDB was configured as "x86_64-linux-gnu".
Type "show configuration" for configuration details.
For bug reporting instructions, please see:
<http://www.gnu.org/software/gdb/bugs/>.
Find the GDB manual and other documentation resources online at:
<http://www.gnu.org/software/gdb/documentation/>.
For help, type "help".
Type "apropos word" to search for commands related to "word"...
Reading symbols from ./overrun...done.
(gdb) break main
Breakpoint 1 at 0x748: file overrun.c, line 17.
(gdb) next
The program is not being run.
(gdb) run
Starting program: /home/webpigeon/Documents/gta/projects/compsec/c/overrun 

Breakpoint 1, main () at overrun.c:17
17	    char *correct_password = "iamagoodprogrammer";
(gdb) next
20	    p.authenticated = 0;
(gdb) next
22	    printf("\n Enter the password : \n");
(gdb) next

 Enter the password : 
23	    gets(p.passwd);
(gdb) next
iamagoodprogrammmer01234567891
25	    if (!strcmp(p.passwd, correct_password)) {
(gdb) next
29	    if (p.authenticated) {
(gdb) next
35	    return -1;
(gdb) print p
$1 = {authenticated = 0, passwd = "iamagoodprogrammmer012345"}
(gdb) 

